// Jest Snapshot v1, https://goo.gl/fbAQLP

exports[`macros 1. macros: 1. macros 1`] = `

import macro from '../../image.macro';
        const img = macro('../test.png');

      ↓ ↓ ↓ ↓ ↓ ↓

import __babel_macro_image_img_0 from ".cache/image.macro/resized..6fecab46d3.jpg";
const img = {
  images: [
    {
      width: 250,
      height: 200,
      url: __babel_macro_image_img_0,
    },
  ],
};


`;
