// Jest Snapshot v1, https://goo.gl/fbAQLP

exports[`macros 1. macros: 1. macros 1`] = `

import macro from '../../image.macro';
        const img = macro('./../test.png', {
            width: 1, height: 10
        });

      ↓ ↓ ↓ ↓ ↓ ↓

const img = {
  blob:
    "/9j/2wBDAAYEBQYFBAYGBQYHBwYIChAKCgkJChQODwwQFxQYGBcUFhYaHSUfGhsjHBYWICwgIyYnKSopGR8tMC0oMCUoKSj/2wBDAQcHBwoIChMKChMoGhYaKCgoKCgoKCgoKCgoKCgoKCgoKCgoKCgoKCgoKCgoKCgoKCgoKCgoKCgoKCgoKCgoKCj/wgARCAAKAAEDASIAAhEBAxEB/8QAFgABAQEAAAAAAAAAAAAAAAAAAAYH/8QAFAEBAAAAAAAAAAAAAAAAAAAAAP/aAAwDAQACEAMQAAABoGbD/8QAGBAAAgMAAAAAAAAAAAAAAAAAAAMFExb/2gAIAQEAAQUCzkaXtP/EABQRAQAAAAAAAAAAAAAAAAAAAAD/2gAIAQMBAT8Bf//EABQRAQAAAAAAAAAAAAAAAAAAAAD/2gAIAQIBAT8Bf//EABgQAAMBAQAAAAAAAAAAAAAAAAACkjIz/9oACAEBAAY/AsPZ1ej/xAAVEAEBAAAAAAAAAAAAAAAAAAAA8f/aAAgBAQABPyGhVT//2gAMAwEAAgADAAAAEAP/xAAUEQEAAAAAAAAAAAAAAAAAAAAA/9oACAEDAQE/EH//xAAUEQEAAAAAAAAAAAAAAAAAAAAA/9oACAECAQE/EH//xAAWEAEBAQAAAAAAAAAAAAAAAAAAwfD/2gAIAQEAAT8QY72v/9k=",
  width: 1,
  height: 10,
};


`;
