// Jest Snapshot v1, https://goo.gl/fbAQLP

exports[`macros 1. macros: 1. macros 1`] = `

import macro from '../../image.macro';
        const img = macro('/mnt/c/Users/thoma/Documents/devel/image.macro/src/../test.png');

      ↓ ↓ ↓ ↓ ↓ ↓

const img = import(".cache/image.macro/component..9a561f2052.jsx");


`;
